../Core/Src/LCD.c:19:13:LCD_Write8	16	static
../Core/Src/LCD.c:25:13:LCD_EnablePulse	16	static,ignoring_inline_asm
../Core/Src/LCD.c:33:13:LCD_Send	16	static
../Core/Src/LCD.c:54:6:LCD_init	8	static
../Core/Src/LCD.c:79:6:LCD_Clear	8	static
../Core/Src/LCD.c:85:6:LCD_Write_Command	16	static
../Core/Src/LCD.c:90:6:LCD_Write_Data	16	static
../Core/Src/LCD.c:95:7:LCD_Read_State	4	static
../Core/Src/LCD.c:101:6:LCD_Set_Position	16	static
../Core/Src/LCD.c:112:6:LCD_Display_Char	16	static
../Core/Src/LCD.c:118:6:LCD_Display_String	16	static
