../Core/Src/main.c:68:20:Buzzer_On	8	static
../Core/Src/main.c:73:20:Buzzer_Off	8	static
../Core/Src/main.c:78:13:Buzzer_TestPinInit	32	static
../Core/Src/main.c:92:13:DWT_DelayMs	24	static
../Core/Src/main.c:105:13:Buzzer_Beep	16	static
../Core/Src/main.c:118:5:main	8	static,ignoring_inline_asm
../Core/Src/main.c:166:6:SystemClock_Config	72	static
../Core/Src/main.c:203:6:MX_I2C1_Init	8	static
../Core/Src/main.c:225:6:MX_TIM2_Init	8	static
../Core/Src/main.c:244:6:MX_USART1_UART_Init	8	static
../Core/Src/main.c:265:13:MX_GPIO_Init	32	static
../Core/Src/main.c:299:6:Error_Handler	4	static,ignoring_inline_asm
