../Core/Src/studymate_app.c:68:20:mode_name	16	static
../Core/Src/studymate_app.c:78:20:state_name	16	static
../Core/Src/studymate_app.c:89:20:environment_name	16	static
../Core/Src/studymate_app.c:102:17:mode_duration_seconds	16	static
../Core/Src/studymate_app.c:112:25:classify_environment	24	static
../Core/Src/studymate_app.c:132:13:restore_normal_display	8	static
../Core/Src/studymate_app.c:140:13:reset_current_mode	8	static
../Core/Src/studymate_app.c:149:13:enter_alarm	8	static
../Core/Src/studymate_app.c:161:13:process_button_events	8	static
../Core/Src/studymate_app.c:217:13:process_one_second	40	static
../Core/Src/studymate_app.c:269:13:draw_environment_line	72	static
../Core/Src/studymate_app.c:291:13:update_oled	48	static
../Core/Src/studymate_app.c:332:13:alarm_visual_task	16	static
../Core/Src/studymate_app.c:351:6:StudyMate_Init	16	static
../Core/Src/studymate_app.c:396:6:StudyMate_Task	16	static,ignoring_inline_asm
../Core/Src/studymate_app.c:421:6:StudyMate_On10msTick	4	static
../Core/Src/studymate_app.c:434:13:debounce_accept	16	static
../Core/Src/studymate_app.c:443:6:StudyMate_OnExti	24	static
